[www.bigjohn.dev/index.html]
[backblue.gif]
[fade.gif]
[index.html]
[www.bigjohn.dev/favicon.png]
[www.bigjohn.dev/images/avatar-bigjohn.png]
[www.bigjohn.dev/_next/static/media/2c8baa44e47ba07e-s.p.woff2]
[www.bigjohn.dev/_next/static/media/e1c529c04de64b40-s.p.woff2]
[www.bigjohn.dev/_next/static/css/020e8e7aba45d8f6.css]
[www.bigjohn.dev/_next/static/chunks/polyfills-c67a75d1b6f99dc8.js]
[www.bigjohn.dev/_next/static/chunks/webpack-87b3a303122f2f0d.js]
[www.bigjohn.dev/_next/static/chunks/framework-2c79e2a64abdb08b.js]
[www.bigjohn.dev/_next/static/chunks/main-0ecb9ccfcb6c9b24.js]
[www.bigjohn.dev/_next/static/chunks/pages/_app-9d5949edbdaa3700.js]
[www.bigjohn.dev/_next/static/chunks/812-799d0b4472449aaf.js]
[www.bigjohn.dev/_next/static/chunks/pages/index-ef2f5f91e739270d.js]
[www.bigjohn.dev/_next/static/UmHBYjCGPVQK3L8hURqhe/_buildManifest.js]
[www.bigjohn.dev/_next/static/UmHBYjCGPVQK3L8hURqhe/_ssgManifest.js]
[www.bigjohn.dev/_ipx/w_1920,q_75/_next/static/media/avatar-bigjohn.ee5b42f5adcb.png]
[www.bigjohn.dev/_ipx/w_640,q_75/_next/static/media/waving-hand_1f44b.ef9f19140a1e.png]
[www.bigjohn.dev/images/python-icon.svg]
[www.bigjohn.dev/images/django-logo.svg]
[www.bigjohn.dev/images/flask-logo.svg]
[www.bigjohn.dev/_ipx/w_96,q_75/images/javascript-lang-logodd1d.png]
[www.bigjohn.dev/images/react-logo.svg]
[www.bigjohn.dev/images/aws-logo.svg]
[www.bigjohn.dev/images/swagger-logo.svg]
[www.bigjohn.dev/images/postgresql-icon.svg]
[www.bigjohn.dev/images/redis-icon.svg]
[www.bigjohn.dev/images/rabbitmq-logo.svg]
[www.bigjohn.dev/images/graphql-logo.svg]
[www.bigjohn.dev/images/typescript-logo.svg]
[www.bigjohn.dev/images/docker-logo.svg]
[www.bigjohn.dev/images/ansible-logo.svg]
[www.bigjohn.dev/images/kafka-logo.svg]
[www.bigjohn.dev/images/mysql-icon.svg]
[www.bigjohn.dev/images/elasticsearch-logo.svg]
[www.bigjohn.dev/images/kong-logo.svg]
[www.bigjohn.dev/images/wso2-logo.svg]
[www.bigjohn.dev/images/nginx-logo.svg]
[www.bigjohn.dev/images/traefikio-logo.svg]
[www.bigjohn.dev/images/spark-logo.svg]
[www.bigjohn.dev/images/gitlab-logo.svg]
[www.bigjohn.dev/images/jenkins-logo.svg]
[www.bigjohn.dev/images/postman-logo.svg]
[www.bigjohn.dev/images/pycharm-logo.svg]
[www.bigjohn.dev/images/intellij-idea-logo.svg]
[www.bigjohn.dev/images/jupyter-logo.svg]
[www.bigjohn.dev/images/prometheus-logo.svg]
[www.bigjohn.dev/index.html]
[www.bigjohn.dev/_next/static/media/11f947ee28183728-s.woff2]
[www.bigjohn.dev/_next/static/media/a5eacdf9ca01c2aa-s.woff2]
[www.bigjohn.dev/_next/static/media/564c57b1d64bbe08-s.woff2]
[www.bigjohn.dev/_next/static/media/374e8b918a6e5beb-s.woff2]
[www.bigjohn.dev/_next/static/media/aec774cbe1963439-s.woff2]
[www.bigjohn.dev/_next/static/media/634216363f5c73c1-s.woff2]
[www.bigjohn.dev/_next/static/media/d83fe381bb17eb77-s.woff2]
[www.bigjohn.dev/_next/static/media/88325a2c1fede2f4-s.woff2]
[www.bigjohn.dev/_next/static/css/020e8e7aba45d8f6.css]
[www.bigjohn.dev/images/python-icon.svg]
[www.bigjohn.dev/images/django-logo.svg]
[www.bigjohn.dev/images/flask-logo.svg]
[www.bigjohn.dev/images/react-logo.svg]
[www.bigjohn.dev/images/nextjs-logo.svg]
[www.bigjohn.dev/images/aws-logo.svg]
[www.bigjohn.dev/images/swagger-logo.svg]
[www.bigjohn.dev/images/postgresql-icon.svg]
[www.bigjohn.dev/images/redis-icon.svg]
[www.bigjohn.dev/images/rabbitmq-logo.svg]
[www.bigjohn.dev/images/graphql-logo.svg]
[www.bigjohn.dev/images/typescript-logo.svg]
[www.bigjohn.dev/images/docker-logo.svg]
[www.bigjohn.dev/images/terraform-logo.svg]
[www.bigjohn.dev/images/ansible-logo.svg]
[www.bigjohn.dev/images/kafka-logo.svg]
[www.bigjohn.dev/images/mysql-icon.svg]
[www.bigjohn.dev/images/mongodb-logo.svg]
[www.bigjohn.dev/images/elasticsearch-logo.svg]
[www.bigjohn.dev/images/kong-logo.svg]
[www.bigjohn.dev/images/wso2-logo.svg]
[www.bigjohn.dev/images/nginx-logo.svg]
[www.bigjohn.dev/images/traefikio-logo.svg]
[www.bigjohn.dev/images/pandas-logo.svg]
[www.bigjohn.dev/images/spark-logo.svg]
[www.bigjohn.dev/images/gitlab-logo.svg]
[www.bigjohn.dev/images/jenkins-logo.svg]
[www.bigjohn.dev/images/sonarqube-logo.svg]
[www.bigjohn.dev/images/postman-logo.svg]
[www.bigjohn.dev/images/pycharm-logo.svg]
[www.bigjohn.dev/images/vscode2-logo.svg]
[www.bigjohn.dev/images/intellij-idea-logo.svg]
[www.bigjohn.dev/images/jupyter-logo.svg]
[www.bigjohn.dev/images/prometheus-logo.svg]
[www.bigjohn.dev/images/pagerduty-logo.svg]
